---
source: src/core/jit/builder.rs
expression: plan.into_nested()
---
[
    Field {
        id: 0,
        name: "createUser",
        ir: "Some(..)",
        type_of: User,
        args: [
            Arg {
                id: 0,
                name: "user",
                type_of: InputUser!,
                value: Some(
                    Object(
                        {
                            Name(
                                "id",
                            ): Number(
                                Number(101),
                            ),
                            Name(
                                "name",
                            ): String(
                                "Tailcall",
                            ),
                            Name(
                                "email",
                            ): String(
                                "tailcall@tailcall.run",
                            ),
                            Name(
                                "phone",
                            ): String(
                                "2345234234",
                            ),
                            Name(
                                "username",
                            ): String(
                                "tailcall",
                            ),
                            Name(
                                "website",
                            ): String(
                                "tailcall.run",
                            ),
                        },
                    ),
                ),
                default_value: None,
            },
        ],
        extensions: Some(
            Nested(
                [
                    Field {
                        id: 1,
                        name: "id",
                        type_of: ID!,
                        is_scalar: true,
                        directives: [],
                    },
                    Field {
                        id: 2,
                        name: "name",
                        type_of: String!,
                        is_scalar: true,
                        directives: [],
                    },
                    Field {
                        id: 3,
                        name: "email",
                        type_of: String!,
                        is_scalar: true,
                        directives: [],
                    },
                    Field {
                        id: 4,
                        name: "phone",
                        type_of: String,
                        is_scalar: true,
                        directives: [],
                    },
                    Field {
                        id: 5,
                        name: "website",
                        type_of: String,
                        is_scalar: true,
                        directives: [],
                    },
                    Field {
                        id: 6,
                        name: "username",
                        type_of: String!,
                        is_scalar: true,
                        directives: [],
                    },
                ],
            ),
        ),
        is_scalar: false,
        directives: [],
    },
]
