---
source: src/core/generator/from_proto.rs
expression: result
---
schema @server @upstream {
  query: Query
}

input nested__types__Result__Nested__VeryNestedInput @tag(id: "nested.types.Result.Nested.VeryNested") {
  description: String
}

enum nested__types__Result__NestedEnum {
  VALUE_0
  VALUE_1
  VALUE_2
}

type Query {
  nested__types__Example__Get(veryNested: nested__types__Result__Nested__VeryNestedInput!): nested__types__Result! @grpc(body: "{{.args.veryNested}}", method: "nested.types.Example.Get")
}

type nested__types__Result @tag(id: "nested.types.Result") {
  nestedEnum: nested__types__Result__NestedEnum
  nestedUsage: nested__types__Result__Nested
  value: String
}

type nested__types__Result__Nested @tag(id: "nested.types.Result.Nested") {
  info: nested__types__Result__Nested__VeryNested
  movie: String
}

type nested__types__Result__Nested__VeryNested @tag(id: "nested.types.Result.Nested.VeryNested") {
  description: String
}
