---
source: tests/core/spec.rs
expression: formatter
---
schema
  @server(dedupe: true, port: 8000, queryValidation: false)
  @upstream(baseURL: "http://jsonplaceholder.typicode.com") {
  query: Query
}

type Post {
  body: String
  id: Int!
  taggedUsers: [User] @http(path: "/taggedUsers/{{.value.id}}")
  title: String
  user: User @http(path: "/users/{{.value.userId}}")
  userId: Int!
}

type Query {
  posts: [Post] @http(path: "/posts?id=1")
}

type User {
  id: Int
  name: String
}
