---
source: tests/core/spec.rs
expression: formatter
---
schema @server @upstream(baseURL: "http://jsonplaceholder.typicode.com") {
  query: Query
  mutation: Mutation
}

input PostInput {
  body: String
  id: Int
  title: String
  userId: Int
}

type Mutation {
  insertPost(input: PostInput!): Post @http(body: "{{.args.input}}", method: "PUT", path: "/posts/{{.args.input.id}}")
}

type Post {
  body: String
  id: Int
  title: String
  userId: Int
}

type Query {
  firstUser: User @http(path: "/users/1")
}

type User {
  id: Int
  name: String
}
