---
source: tests/core/spec.rs
expression: formatter
---
schema @server @upstream {
  query: Query
}

type Query @addField(name: "username", path: ["username", "0", "name"]) {
  username: [User] @http(baseURL: "http://jsonplaceholder.typicode.com", path: "/users") @modify(omit: true)
}

type User {
  name: String
}
