---
source: tests/core/spec.rs
expression: formatter
---
schema @server @upstream {
  query: Query
}

type Query {
  user: User @http(baseURL: "http://jsonplaceholder.typicode.com", path: "/users/1")
}

type User {
  id: Int
  name: String
}
