---
source: tests/core/spec.rs
expression: formatter
---
schema @server @upstream(baseURL: "http://jsonplaceholder.typicode.com") {
  query: Query
}

type Query {
  firstUser: User @http(path: "/users/1")
}

type User {
  id: Int
  name: String
}
