---
source: tests/core/spec.rs
expression: errors
---
[
  {
    "message": "Invalid method format: abc.NewsService. Expected format is <package>.<service>.<method>",
    "trace": [
      "Query",
      "news",
      "@grpc"
    ],
    "description": null
  }
]
