---
source: tests/core/spec.rs
expression: response
---
{
  "status": 200,
  "headers": {
    "content-type": "application/json"
  },
  "body": {
    "data": {
      "nested": {
        "foo": {
          "foo": "nested-foo"
        },
        "bar": {
          "bar": "nested-bar"
        }
      }
    }
  }
}
