---
source: tests/core/spec.rs
expression: errors
---
[
  {
    "message": "Parsing failed because of invalid type: map, expected a sequence",
    "trace": [
      "@http",
      "query"
    ],
    "description": null
  }
]
