---
source: tests/core/spec.rs
expression: formatted
---
scalar AnyScalar

scalar Bytes

scalar Date

scalar DateTime

scalar Email

scalar Empty

scalar Int128

scalar Int16

scalar Int32

scalar Int64

scalar Int8

scalar JSON

scalar PhoneNumber

type Query {
  any(value: AnyScalar!): AnyScalar
  bytes(value: Bytes): Bytes
  date(value: Date!): Date!
  email(value: Email!): Email!
  phone(value: PhoneNumber!): PhoneNumber!
  url(value: Url!): Url!
}

scalar UInt128

scalar UInt16

scalar UInt32

scalar UInt64

scalar UInt8

scalar Url

schema {
  query: Query
}
