---
source: tests/core/spec.rs
expression: formatter
---
schema @server @upstream(allowedHeaders: ["Authorization"]) @link(src: "stripe-types.graphql", type: Config) {
  query: Query
}

type Foo {
  bar: String
}

type Query {
  foo: Foo @expr(body: {bar: "foo"})
}
